// Jest Snapshot v1, https://goo.gl/fbAQLP

exports[`matches snapshot 1`] = `
<DocumentFragment>
  <div>
    <div
      class="colored-box-"
      style="width: 300px; height: 200px;"
    />
    <button
      class="button"
    >
      Remove Box
    </button>
  </div>
</DocumentFragment>
`;
